To honour the JVM settings for this build a new JVM will be forked. Please consider using the daemon: https://docs.gradle.org/6.5.1/userguide/gradle_daemon.html.
Daemon will be stopped at the end of the build stopping after processing
> Task :compileJava NO-SOURCE
> Task :processResources NO-SOURCE
> Task :classes UP-TO-DATE
> Task :compileTestJava
> Task :processTestResources NO-SOURCE
> Task :testClasses

> Task :test FAILED

ControlledPersistentStateTest > testB_victim_readsFile() FAILED
    org.opentest4j.AssertionFailedError at ControlledPersistentStateTest.java:63

2 tests completed, 1 failed

FAILURE: Build failed with an exception.

* What went wrong:
Execution failed for task ':test'.
> There were failing tests. See the report at: file:///home/kazi/Desktop/projects/phd/shanto-UT-DALLAS/idflakies-lab/build/reports/tests/test/index.html

* Try:
Run with --stacktrace option to get the stack trace. Run with --info or --debug option to get more log output. Run with --scan to get full insights.

* Get more help at https://help.gradle.org

BUILD FAILED in 2s
2 actionable tasks: 2 executed
