To honour the JVM settings for this build a single-use Daemon process will be forked. See https://docs.gradle.org/7.0/userguide/gradle_daemon.html#sec:disabling_the_daemon.
Daemon will be stopped at the end of the build 
> Task :compileJava NO-SOURCE
> Task :compileGroovy
> Task :pluginDescriptors
> Task :processResources
> Task :classes
> Task :pluginUnderTestMetadata
> Task :compileTestJava NO-SOURCE
> Task :compileTestGroovy
> Task :processTestResources UP-TO-DATE
> Task :testClasses

> Task :test FAILED

org.silverpeas.setup.installation.SilverpeasInstallationTaskTest > testInstall FAILED
    java.io.IOException at SilverpeasInstallationTaskTest.groovy:54

1 test completed, 1 failed

FAILURE: Build failed with an exception.

* What went wrong:
Execution failed for task ':test'.
> There were failing tests. See the report at: file:///home/kazi/Desktop/projects/phd/shanto-UT-DALLAS/silverpeas-setup/build/reports/tests/test/index.html

* Try:
Run with --stacktrace option to get the stack trace. Run with --info or --debug option to get more log output. Run with --scan to get full insights.

* Get more help at https://help.gradle.org

BUILD FAILED in 1m 55s
7 actionable tasks: 6 executed, 1 up-to-date
