To honour the JVM settings for this build a single-use Daemon process will be forked. See https://docs.gradle.org/7.0/userguide/gradle_daemon.html#sec:disabling_the_daemon.
Daemon will be stopped at the end of the build 
> Task :compileJava NO-SOURCE
> Task :compileGroovy UP-TO-DATE
> Task :pluginDescriptors UP-TO-DATE
> Task :processResources UP-TO-DATE
> Task :classes UP-TO-DATE
> Task :jar UP-TO-DATE
> Task :sourcesJar UP-TO-DATE
> Task :assemble UP-TO-DATE
> Task :compileTestJava NO-SOURCE
> Task :compileTestGroovy UP-TO-DATE
> Task :processTestResources UP-TO-DATE
> Task :testClasses UP-TO-DATE

> Task :testplugin
[INFO] Getting original results (2 tests).
[INFO] Found 0 tests in round 1 of 1 (0.0 seconds elapsed (3.2 total), 0.0 seconds remaining).

[INFO] Found 0 tests, writing list to /home/kazi/Desktop/projects/phd/shanto-UT-DALLAS/silverpeas-setup-idflakies/.dtfixingtools/detection-results/list.txt and dt lists to /home/kazi/Desktop/projects/phd/shanto-UT-DALLAS/silverpeas-setup-idflakies/.dtfixingtools/detection-results/flaky-lists.json
TRY_COPY_ALL_FAILING_TEST_OUTPUT

BUILD SUCCESSFUL in 14s
8 actionable tasks: 1 executed, 7 up-to-date
