To honour the JVM settings for this build a new JVM will be forked. Please consider using the daemon: https://docs.gradle.org/6.5.1/userguide/gradle_daemon.html.
Daemon will be stopped at the end of the build stopping after processing
> Task :compileJava NO-SOURCE
> Task :processResources NO-SOURCE
> Task :classes UP-TO-DATE
> Task :jar UP-TO-DATE
> Task :assemble UP-TO-DATE
> Task :compileTestJava UP-TO-DATE
> Task :processTestResources NO-SOURCE
> Task :testClasses UP-TO-DATE

> Task :testplugin
[INFO] Getting original results (18 tests).
Verified com.example.flakylab.SystemPropertyODTest#testB_victim_requiresProperty(), status: expected PASS, got PASS
Verified com.example.flakylab.SystemPropertyODTest#testB_victim_requiresProperty(), status: expected ERROR, got ERROR
Verified com.example.flakylab.IDFlakiesPersistentStateTest#testB_brittle_readsFile(), status: expected PASS, got PASS
Verified com.example.flakylab.IDFlakiesPersistentStateTest#testB_brittle_readsFile(), status: expected ERROR, got ERROR
Verified com.example.flakylab.FileStateODTest#testB_victim_requiresFile(), status: expected PASS, got PASS
Verified com.example.flakylab.FileStateODTest#testB_victim_requiresFile(), status: expected ERROR, got ERROR
[INFO] Found 3 tests in round 1 of 10 (0.0 seconds elapsed (3.4 total), 0.0 seconds remaining).
Verified com.example.flakylab.TimeZoneODTest#testB_victim_requiresChangedTimeZone(), status: expected PASS, got PASS
Verified com.example.flakylab.TimeZoneODTest#testB_victim_requiresChangedTimeZone(), status: expected ERROR, got ERROR
Verified com.example.flakylab.LocaleODTest#testB_victim_requiresChangedLocale(), status: expected ERROR, got ERROR
Verified com.example.flakylab.LocaleODTest#testB_victim_requiresChangedLocale(), status: expected PASS, got PASS
[INFO] Found 2 tests in round 1 of 10 (0.0 seconds elapsed (5.6 total), 0.0 seconds remaining).
Verified com.example.flakylab.SystemPropertyODTest#testB_victim_requiresProperty(), status: expected PASS, got PASS
Verified com.example.flakylab.SystemPropertyODTest#testB_victim_requiresProperty(), status: expected ERROR, got ERROR
[INFO] Found 0 tests in round 1 of 10 (0.0 seconds elapsed (7.1 total), 0.0 seconds remaining).
Verified com.example.flakylab.StaticStateODTest#testB_victim_requiresInitializedState(), status: expected ERROR, got ERROR
Verified com.example.flakylab.StaticStateODTest#testB_victim_requiresInitializedState(), status: expected PASS, got PASS
[INFO] Found 1 tests in round 2 of 10 (1.4 seconds elapsed (8.5 total), 5.6 seconds remaining).
Verified com.example.flakylab.FileStateODTest#testB_victim_requiresFile(), status: expected PASS, got PASS
Verified com.example.flakylab.FileStateODTest#testB_victim_requiresFile(), status: expected ERROR, got ERROR
[INFO] Found 0 tests in round 1 of 10 (0.0 seconds elapsed (9.8 total), 0.0 seconds remaining).
Verified com.example.flakylab.FileStateODTest#testB_victim_requiresFile(), status: expected PASS, got PASS
Verified com.example.flakylab.FileStateODTest#testB_victim_requiresFile(), status: expected ERROR, got ERROR
[INFO] Found 0 tests in round 2 of 10 (1.3 seconds elapsed (11.2 total), 5.4 seconds remaining).
Verified com.example.flakylab.TimeZoneODTest#testB_victim_requiresChangedTimeZone(), status: expected PASS, got PASS
Verified com.example.flakylab.TimeZoneODTest#testB_victim_requiresChangedTimeZone(), status: expected ERROR, got ERROR
[INFO] Found 0 tests in round 3 of 10 (2.7 seconds elapsed (12.6 total), 6.3 seconds remaining).
[INFO] Found 0 tests in round 4 of 10 (4.1 seconds elapsed (13.1 total), 6.2 seconds remaining).
[INFO] Found 0 tests in round 5 of 10 (4.6 seconds elapsed (13.7 total), 4.6 seconds remaining).
Verified com.example.flakylab.LocaleODTest#testB_victim_requiresChangedLocale(), status: expected ERROR, got ERROR
Verified com.example.flakylab.LocaleODTest#testB_victim_requiresChangedLocale(), status: expected PASS, got PASS
Verified com.example.flakylab.SystemPropertyODTest#testB_victim_requiresProperty(), status: expected PASS, got PASS
Verified com.example.flakylab.SystemPropertyODTest#testB_victim_requiresProperty(), status: expected ERROR, got ERROR
[INFO] Found 0 tests in round 6 of 10 (5.2 seconds elapsed (16.1 total), 3.4 seconds remaining).
[INFO] Found 0 tests in round 7 of 10 (7.6 seconds elapsed (16.6 total), 3.2 seconds remaining).
Verified com.example.flakylab.IDFlakiesPersistentStateTest#testB_brittle_readsFile(), status: expected PASS, got PASS
Verified com.example.flakylab.IDFlakiesPersistentStateTest#testB_brittle_readsFile(), status: expected ERROR, got ERROR
[INFO] Found 0 tests in round 8 of 10 (8.1 seconds elapsed (18.1 total), 2.0 seconds remaining).
Verified com.example.flakylab.StaticStateODTest#testB_victim_requiresInitializedState(), status: expected ERROR, got ERROR
Verified com.example.flakylab.StaticStateODTest#testB_victim_requiresInitializedState(), status: expected PASS, got PASS
Verified com.example.flakylab.SystemPropertyODTest#testB_victim_requiresProperty(), status: expected PASS, got PASS
Verified com.example.flakylab.SystemPropertyODTest#testB_victim_requiresProperty(), status: expected ERROR, got ERROR
[INFO] Found 0 tests in round 9 of 10 (9.6 seconds elapsed (20.5 total), 1.1 seconds remaining).
[INFO] Found 0 tests in round 10 of 10 (12.0 seconds elapsed (21.0 total), 0.0 seconds remaining).

[INFO] Found 6 tests, writing list to /home/kazi/Desktop/projects/phd/shanto-UT-DALLAS/idflakies-lab/.dtfixingtools/detection-results/list.txt and dt lists to /home/kazi/Desktop/projects/phd/shanto-UT-DALLAS/idflakies-lab/.dtfixingtools/detection-results/flaky-lists.json
TRY_COPY_ALL_FAILING_TEST_OUTPUT

BUILD SUCCESSFUL in 24s
3 actionable tasks: 1 executed, 2 up-to-date
