[[1;34mINFO[m] Scanning for projects...
[[1;34mINFO[m] 
[[1;34mINFO[m] [1m-------------------< [0;36mnl.hsac:hsac-fitnesse-fixtures[0;1m >-------------------[m
[[1;34mINFO[m] [1mBuilding HSAC's FitNesse Fixtures 3.30.3-SNAPSHOT[m
[[1;34mINFO[m] [1m--------------------------------[ jar ]---------------------------------[m
[[1;34mINFO[m] 
[[1;34mINFO[m] [1m--- [0;32mwebdriverextensions-maven-plugin:3.1.2:install-drivers[m [1m(default)[m @ [36mhsac-fitnesse-fixtures[0;1m ---[m
WARNING: An illegal reflective access operation has occurred
WARNING: Illegal reflective access by net.sf.cglib.core.ReflectUtils$2 (file:/home/kazi/.m2/repository/cglib/cglib-nodep/2.2/cglib-nodep-2.2.jar) to method java.lang.ClassLoader.defineClass(java.lang.String,byte[],int,int,java.security.ProtectionDomain)
WARNING: Please consider reporting this to the maintainers of net.sf.cglib.core.ReflectUtils$2
WARNING: Use --illegal-access=warn to enable warnings of further illegal reflective access operations
WARNING: All illegal access operations will be denied in a future release
[[1;34mINFO[m] Installation directory "/home/kazi/Desktop/projects/phd/shanto-UT-DALLAS/hsac-fitnesse-fixtures/wiki/webdrivers"
[[1;34mINFO[m] Installing drivers from configuration
[[1;34mINFO[m] internetexplorerdriver-windows-32bit version 3.14.0
[[1;34mINFO[m]   Already installed
[[1;34mINFO[m] edgedriver-windows-64bit version 6.17134
[[1;34mINFO[m]   Already installed
[[1;34mINFO[m] chromedriver-windows-32bit version 2.44.0
[[1;34mINFO[m]   Already installed
[[1;34mINFO[m] chromedriver-mac-64bit version 2.44.0
[[1;34mINFO[m]   Already installed
[[1;34mINFO[m] chromedriver-linux-64bit version 2.44.0
[[1;34mINFO[m]   Already installed
[[1;34mINFO[m] geckodriver-windows-64bit version 0.23.0
[[1;34mINFO[m]   Already installed
[[1;34mINFO[m] geckodriver-mac-64bit version 0.23.0
[[1;34mINFO[m]   Already installed
[[1;34mINFO[m] 
[[1;34mINFO[m] [1m--- [0;32mmaven-dependency-plugin:3.0.0:copy[m [1m(copy-fitnesse-standalone)[m @ [36mhsac-fitnesse-fixtures[0;1m ---[m
[[1;34mINFO[m] Configured Artifact: org.fitnesse:fitnesse:standalone:?:jar
[[1;34mINFO[m] Copying fitnesse-20180127-standalone.jar to /home/kazi/Desktop/projects/phd/shanto-UT-DALLAS/hsac-fitnesse-fixtures/wiki/fitnesse-standalone.jar
[[1;34mINFO[m] 
[[1;34mINFO[m] [1m--- [0;32mmaven-dependency-plugin:3.0.0:copy[m [1m(copy-plugins)[m @ [36mhsac-fitnesse-fixtures[0;1m ---[m
[[1;34mINFO[m] Configured Artifact: nl.hsac:hsac-fitnesse-plugin:1.24.0:jar
[[1;34mINFO[m] Configured Artifact: org.fitnesse.plugins:maven-classpath-plugin:jar-with-dependencies:1.9:jar
[[1;34mINFO[m] Copying hsac-fitnesse-plugin-1.24.0.jar to /home/kazi/Desktop/projects/phd/shanto-UT-DALLAS/hsac-fitnesse-fixtures/wiki/plugins/hsac-fitnesse-plugin-1.24.0.jar
[[1;34mINFO[m] Copying maven-classpath-plugin-1.9-jar-with-dependencies.jar to /home/kazi/Desktop/projects/phd/shanto-UT-DALLAS/hsac-fitnesse-fixtures/wiki/plugins/maven-classpath-plugin-1.9-jar-with-dependencies.jar
[[1;34mINFO[m] 
[[1;34mINFO[m] [1m--- [0;32mmaven-resources-plugin:2.6:resources[m [1m(default-resources)[m @ [36mhsac-fitnesse-fixtures[0;1m ---[m
[[1;34mINFO[m] Using 'UTF-8' encoding to copy filtered resources.
[[1;34mINFO[m] Copying 6 resources
[[1;34mINFO[m] 
[[1;34mINFO[m] [1m--- [0;32mmaven-compiler-plugin:3.6.1:compile[m [1m(default-compile)[m @ [36mhsac-fitnesse-fixtures[0;1m ---[m
[[1;34mINFO[m] Nothing to compile - all classes are up to date
[[1;34mINFO[m] 
[[1;34mINFO[m] [1m--- [0;32mmaven-resources-plugin:2.6:testResources[m [1m(default-testResources)[m @ [36mhsac-fitnesse-fixtures[0;1m ---[m
[[1;34mINFO[m] Using 'UTF-8' encoding to copy filtered resources.
[[1;34mINFO[m] Copying 58 resources
[[1;34mINFO[m] 
[[1;34mINFO[m] [1m--- [0;32mmaven-compiler-plugin:3.6.1:testCompile[m [1m(default-testCompile)[m @ [36mhsac-fitnesse-fixtures[0;1m ---[m
[[1;34mINFO[m] Nothing to compile - all classes are up to date
[[1;34mINFO[m] 
[[1;34mINFO[m] [1m--- [0;32mmaven-failsafe-plugin:2.22.1:integration-test[m [1m(generate-suite)[m @ [36mhsac-fitnesse-fixtures[0;1m ---[m
[[1;34mINFO[m] 
[[1;34mINFO[m] -------------------------------------------------------
[[1;34mINFO[m]  T E S T S
[[1;34mINFO[m] -------------------------------------------------------
Sep 11, 2026 9:01:15 PM fitnesse.plugins.PropertyBasedPluginFeatureFactory$2 register
INFO: Loaded SymbolType fitnesse.wikitext.widgets.MavenClasspathSymbolType
Sep 11, 2026 9:01:15 PM nl.hsac.fitnesse.HsacPluginFeatureFactory add
INFO: Added symbol class nl.hsac.fitnesse.symbols.MonthsFromToday
Sep 11, 2026 9:01:15 PM nl.hsac.fitnesse.HsacPluginFeatureFactory add
INFO: Added symbol class nl.hsac.fitnesse.symbols.YearsFromToday
Sep 11, 2026 9:01:15 PM nl.hsac.fitnesse.HsacPluginFeatureFactory add
INFO: Added symbol class nl.hsac.fitnesse.symbols.WeekDaysFromToday
Sep 11, 2026 9:01:15 PM nl.hsac.fitnesse.HsacPluginFeatureFactory add
INFO: Added symbol class nl.hsac.fitnesse.symbols.DayOfWeek$Monday
Sep 11, 2026 9:01:15 PM nl.hsac.fitnesse.HsacPluginFeatureFactory add
INFO: Added symbol class nl.hsac.fitnesse.symbols.DayOfWeek$Tuesday
Sep 11, 2026 9:01:15 PM nl.hsac.fitnesse.HsacPluginFeatureFactory add
INFO: Added symbol class nl.hsac.fitnesse.symbols.DayOfWeek$Wednesday
Sep 11, 2026 9:01:15 PM nl.hsac.fitnesse.HsacPluginFeatureFactory add
INFO: Added symbol class nl.hsac.fitnesse.symbols.DayOfWeek$Thursday
Sep 11, 2026 9:01:15 PM nl.hsac.fitnesse.HsacPluginFeatureFactory add
INFO: Added symbol class nl.hsac.fitnesse.symbols.DayOfWeek$Friday
Sep 11, 2026 9:01:15 PM nl.hsac.fitnesse.HsacPluginFeatureFactory add
INFO: Added symbol class nl.hsac.fitnesse.symbols.DayOfWeek$Saturday
Sep 11, 2026 9:01:15 PM nl.hsac.fitnesse.HsacPluginFeatureFactory add
INFO: Added symbol class nl.hsac.fitnesse.symbols.DayOfWeek$Sunday
Sep 11, 2026 9:01:15 PM nl.hsac.fitnesse.HsacPluginFeatureFactory add
INFO: Added symbol class nl.hsac.fitnesse.symbols.LastDayOfMonth
Sep 11, 2026 9:01:15 PM nl.hsac.fitnesse.HsacPluginFeatureFactory add
INFO: Added symbol class nl.hsac.fitnesse.symbols.RandomInt
Sep 11, 2026 9:01:15 PM nl.hsac.fitnesse.HsacPluginFeatureFactory add
INFO: Added symbol class nl.hsac.fitnesse.symbols.RandomString
Sep 11, 2026 9:01:15 PM nl.hsac.fitnesse.HsacPluginFeatureFactory add
INFO: Added symbol class nl.hsac.fitnesse.symbols.RandomBsn
Sep 11, 2026 9:01:15 PM nl.hsac.fitnesse.HsacPluginFeatureFactory add
INFO: Added symbol class nl.hsac.fitnesse.symbols.RandomEmail
Sep 11, 2026 9:01:15 PM nl.hsac.fitnesse.HsacPluginFeatureFactory add
INFO: Added symbol class nl.hsac.fitnesse.symbols.RandomIban
Sep 11, 2026 9:01:15 PM nl.hsac.fitnesse.HsacPluginFeatureFactory add
INFO: Added symbol class nl.hsac.fitnesse.symbols.RandomPostalCode
Sep 11, 2026 9:01:15 PM nl.hsac.fitnesse.HsacPluginFeatureFactory add
INFO: Added symbol class nl.hsac.fitnesse.symbols.RandomDutchLicensePlate
Sep 11, 2026 9:01:15 PM nl.hsac.fitnesse.HsacPluginFeatureFactory add
INFO: Added symbol class nl.hsac.fitnesse.symbols.DefineDefault
Sep 11, 2026 9:01:15 PM nl.hsac.fitnesse.HsacPluginFeatureFactory add
INFO: Added symbol class nl.hsac.fitnesse.symbols.DefineFromProperties
Sep 11, 2026 9:01:15 PM nl.hsac.fitnesse.HsacPluginFeatureFactory add
INFO: Added symbol class nl.hsac.fitnesse.symbols.DefineDefaultFromProperties
Sep 11, 2026 9:01:15 PM nl.hsac.fitnesse.HsacPluginFeatureFactory add
INFO: Added Slim table type: table template: nl.hsac.fitnesse.slim.AutoArgScenarioTable
Sep 11, 2026 9:01:15 PM nl.hsac.fitnesse.HsacPluginFeatureFactory add
INFO: Added Slim table type: storyboard: nl.hsac.fitnesse.slim.StoryboardTable
Sep 11, 2026 9:01:15 PM nl.hsac.fitnesse.HsacPluginFeatureFactory registerSlimCoverageIfPossible
INFO: Registered test system slimcoverage
2026-09-11 21:01:15.681 testRun Started ('1' tests)
slim:in-process

[[1;34mINFO[m] Running nl.hsac.fitnesse.fixture.[1mFixtureDebugTest[m
2026-09-11 21:01:15.714 testSuite Started 'nl.hsac.fitnesse.fixture.FixtureDebugTest'
2026-09-11 21:01:15.714 test Started 'HsacExamples.SlimTests.UtilityFixtures.GeneratedSymbolicLinkSuite.SuiteSetUp' (0 / 1)
2026-09-11 21:01:15.790 test Finished 'HsacExamples.SlimTests.UtilityFixtures.GeneratedSymbolicLinkSuite.SuiteSetUp'

2026-09-11 21:01:15.790 test Started 'HsacExamples.SlimTests.UtilityFixtures.GeneratedSymbolicLinkSuite.SuiteGenerator' (1 / 1)
2026-09-11 21:01:15.854 test Finished 'HsacExamples.SlimTests.UtilityFixtures.GeneratedSymbolicLinkSuite.SuiteGenerator'

2026-09-11 21:01:15.854 test Started 'HsacExamples.SlimTests.UtilityFixtures.GeneratedSymbolicLinkSuite.SuiteTearDown' (1 / 1)
2026-09-11 21:01:15.862 test Finished 'HsacExamples.SlimTests.UtilityFixtures.GeneratedSymbolicLinkSuite.SuiteTearDown'

[[1;34mINFO[m] [1;32mTests run: [0;1;32m3[m, Failures: 0, Errors: 0, Skipped: 0, Time elapsed: 0.149 s - in nl.hsac.fitnesse.fixture.[1mFixtureDebugTest[m
2026-09-11 21:01:15.864 testSuite Finished 'nl.hsac.fitnesse.fixture.FixtureDebugTest'


[[1;34mINFO[m] 
[[1;34mINFO[m] Results:
[[1;34mINFO[m] 
[[1;34mINFO[m] [1;32mTests run: 3, Failures: 0, Errors: 0, Skipped: 0[m
[[1;34mINFO[m] 
[[1;34mINFO[m] 
[[1;34mINFO[m] [1m--- [0;32mmaven-surefire-plugin:2.22.1:test[m [1m(default-test)[m @ [36mhsac-fitnesse-fixtures[0;1m ---[m
[[1;34mINFO[m] 
[[1;34mINFO[m] -------------------------------------------------------
[[1;34mINFO[m]  T E S T S
[[1;34mINFO[m] -------------------------------------------------------
[[1;34mINFO[m] Running nl.hsac.fitnesse.fixture.slim.[1mFileFixtureTest[m
[[1;34mINFO[m] [1;32mTests run: [0;1;32m1[m, Failures: 0, Errors: 0, Skipped: 0, Time elapsed: 0.175 s - in nl.hsac.fitnesse.fixture.slim.[1mFileFixtureTest[m
[[1;34mINFO[m] 
[[1;34mINFO[m] Results:
[[1;34mINFO[m] 
[[1;34mINFO[m] [1;32mTests run: 1, Failures: 0, Errors: 0, Skipped: 0[m
[[1;34mINFO[m] 
[[1;34mINFO[m] [1m------------------------------------------------------------------------[m
[[1;34mINFO[m] [1;32mBUILD SUCCESS[m
[[1;34mINFO[m] [1m------------------------------------------------------------------------[m
[[1;34mINFO[m] Total time:  2.720 s
[[1;34mINFO[m] Finished at: 2026-09-11T21:01:16+06:00
[[1;34mINFO[m] [1m------------------------------------------------------------------------[m
